2026-08-09 04:23:13,271 - INFO - Aguardando 2 segundos antes de tentar novamente...
2026-08-09 04:23:14,026 - INFO - Download concluído: /home/runner/work/josieljluz.github.io.oficial/josieljluz.github.io.oficial/epgbrasil.m3u (575422 bytes)
2026-08-09 04:23:14,027 - INFO - Hash MD5 do arquivo: f49e7db34748ac8a9807f453fc66c3cc
2026-08-09 04:23:14,028 - INFO - Tentativa 1 de 3: Baixando de: http://m3u4u.com/epg/jq2zy9epr3bwxmgwyxr5
2026-08-09 04:23:14,369 - INFO - Download concluído: /home/runner/work/josieljluz.github.io.oficial/josieljluz.github.io.oficial/epgportugal.m3u (1972439 bytes)
2026-08-09 04:23:14,373 - INFO - Hash MD5 do arquivo: ea060b34a8722eeeaea5983a2f10b1d8
2026-08-09 04:23:14,449 - INFO - Download concluído: /home/runner/work/josieljluz.github.io.oficial/josieljluz.github.io.oficial/epgbrasil.xml.gz (60031 bytes)
2026-08-09 04:23:14,449 - INFO - Hash MD5 do arquivo: 7e2e7952f1c4ed27d376d6b4abddbea3
2026-08-09 04:23:14,810 - INFO - Tentativa 2 de 3: Baixando de: http://m3u4u.com/m3u/782dyqdrqkh1xegen4zp
2026-08-09 04:23:15,043 - ERROR - Falha ao baixar http://m3u4u.com/m3u/782dyqdrqkh1xegen4zp. Código: 404
2026-08-09 04:23:15,043 - ERROR - Erro na tentativa 2 de 3: Falha ao baixar http://m3u4u.com/m3u/782dyqdrqkh1xegen4zp. Código: 404
2026-08-09 04:23:15,043 - INFO - Aguardando 4 segundos antes de tentar novamente...
2026-08-09 04:23:15,273 - INFO - Tentativa 2 de 3: Baixando de: http://m3u4u.com/epg/782dyqdrqkh1xegen4zp
2026-08-09 04:23:15,342 - INFO - Download concluído: /home/runner/work/josieljluz.github.io.oficial/josieljluz.github.io.oficial/epgportugal.xml.gz (449467 bytes)
2026-08-09 04:23:15,343 - INFO - Hash MD5 do arquivo: 87f7b9bdbd7e1917b404b026681a5509
2026-08-09 04:23:15,391 - ERROR - Falha ao baixar http://m3u4u.com/epg/782dyqdrqkh1xegen4zp. Código: 404
2026-08-09 04:23:15,391 - ERROR - Erro na tentativa 2 de 3: Falha ao baixar http://m3u4u.com/epg/782dyqdrqkh1xegen4zp. Código: 404
2026-08-09 04:23:15,392 - INFO - Aguardando 4 segundos antes de tentar novamente...
2026-08-09 04:23:19,047 - INFO - Tentativa 3 de 3: Baixando de: http://m3u4u.com/m3u/782dyqdrqkh1xegen4zp
2026-08-09 04:23:19,163 - ERROR - Falha ao baixar http://m3u4u.com/m3u/782dyqdrqkh1xegen4zp. Código: 404
2026-08-09 04:23:19,163 - ERROR - Erro na tentativa 3 de 3: Falha ao baixar http://m3u4u.com/m3u/782dyqdrqkh1xegen4zp. Código: 404
2026-08-09 04:23:19,163 - ERROR - Falha após 3 tentativas: http://m3u4u.com/m3u/782dyqdrqkh1xegen4zp
2026-08-09 04:23:19,396 - INFO - Tentativa 3 de 3: Baixando de: http://m3u4u.com/epg/782dyqdrqkh1xegen4zp
2026-08-09 04:23:19,517 - ERROR - Falha ao baixar http://m3u4u.com/epg/782dyqdrqkh1xegen4zp. Código: 404
2026-08-09 04:23:19,517 - ERROR - Erro na tentativa 3 de 3: Falha ao baixar http://m3u4u.com/epg/782dyqdrqkh1xegen4zp. Código: 404
2026-08-09 04:23:19,517 - ERROR - Falha após 3 tentativas: http://m3u4u.com/epg/782dyqdrqkh1xegen4zp
2026-08-09 04:23:19,518 - INFO - Downloads concluídos. Sucessos: 9, Falhas: 2
2026-08-09 04:23:19,518 - WARNING - Atenção: 2 arquivos falharam no download
2026-08-10 04:45:31,097 - INFO - Limpando arquivos antigos em /home/runner/work/josieljluz.github.io.oficial/josieljluz.github.io.oficial...
2026-08-10 04:45:31,097 - INFO - Arquivo removido: epgportugal.xml.gz
2026-08-10 04:45:31,097 - INFO - Arquivo removido: epgbrasil.xml.gz
2026-08-10 04:45:31,097 - INFO - Arquivo removido: epgportugal.m3u
2026-08-10 04:45:31,097 - INFO - Arquivo removido: epgbrasil.m3u
2026-08-10 04:45:31,098 - INFO - Arquivo removido: pornstars.m3u
2026-08-10 04:45:31,098 - INFO - Arquivo removido: m3u@proton.me.m3u
2026-08-10 04:45:31,098 - INFO - Arquivo removido: PiauiTV.m3u
2026-08-10 04:45:31,098 - INFO - Arquivo removido: playlist.m3u
2026-08-10 04:45:31,098 - INFO - Arquivo removido: playlists.m3u
2026-08-10 04:45:31,098 - INFO - Iniciando downloads...
2026-08-10 04:45:31,099 - INFO - Tentativa 1 de 3: Baixando de: http://m3u4u.com/m3u/3wk1y24kx7uzdevxygz7
2026-08-10 04:45:31,099 - INFO - Tentativa 1 de 3: Baixando de: http://m3u4u.com/m3u/782dyqdrqkh1xegen4zp
2026-08-10 04:45:31,100 - INFO - Tentativa 1 de 3: Baixando de: http://m3u4u.com/m3u/jq2zy9epr3bwxmgwyxr5
2026-08-10 04:45:31,101 - INFO - Tentativa 1 de 3: Baixando de: https://gitlab.com/josieljefferson12/playlists/-/raw/main/PiauiTV.m3u
2026-08-10 04:45:31,107 - INFO - Tentativa 1 de 3: Baixando de: https://gitlab.com/josieljefferson12/playlists/-/raw/main/m3u4u_proton.me.m3u
2026-08-10 04:45:31,476 - INFO - Download concluído: /home/runner/work/josieljluz.github.io.oficial/josieljluz.github.io.oficial/PiauiTV.m3u (76851 bytes)
2026-08-10 04:45:31,476 - INFO - Hash MD5 do arquivo: ed19d1bee8112f753504aab432876025
2026-08-10 04:45:31,477 - INFO - Tentativa 1 de 3: Baixando de: https://gitlab.com/josieljefferson12/playlists/-/raw/main/playlist.m3u
2026-08-10 04:45:31,482 - ERROR - Falha ao baixar http://m3u4u.com/m3u/782dyqdrqkh1xegen4zp. Código: 404
2026-08-10 04:45:31,482 - ERROR - Erro na tentativa 1 de 3: Falha ao baixar http://m3u4u.com/m3u/782dyqdrqkh1xegen4zp. Código: 404
2026-08-10 04:45:31,482 - INFO - Aguardando 2 segundos antes de tentar novamente...
2026-08-10 04:45:31,508 - INFO - Download concluído: /home/runner/work/josieljluz.github.io.oficial/josieljluz.github.io.oficial/m3u@proton.me.m3u (4700379 bytes)
2026-08-10 04:45:31,516 - INFO - Hash MD5 do arquivo: 17e34181bba3a93ed726df4bc76b9a9c
2026-08-10 04:45:31,517 - INFO - Tentativa 1 de 3: Baixando de: https://gitlab.com/josielluz/playlists/-/raw/main/playlists.m3u
2026-08-10 04:45:31,743 - INFO - Download concluído: /home/runner/work/josieljluz.github.io.oficial/josieljluz.github.io.oficial/playlists.m3u (107555 bytes)
2026-08-10 04:45:31,743 - INFO - Hash MD5 do arquivo: 3114d823758c4d5391acd0714d83bb8c
2026-08-10 04:45:31,743 - INFO - Tentativa 1 de 3: Baixando de: https://gitlab.com/josieljefferson12/playlists/-/raw/main/pornstars.m3u
2026-08-10 04:45:31,834 - INFO - Download concluído: /home/runner/work/josieljluz.github.io.oficial/josieljluz.github.io.oficial/playlist.m3u (8080 bytes)
2026-08-10 04:45:31,834 - INFO - Hash MD5 do arquivo: 5e4f576e8ce1ee516c916d59ed08a851
2026-08-10 04:45:31,835 - INFO - Tentativa 1 de 3: Baixando de: http://m3u4u.com/epg/3wk1y24kx7uzdevxygz7
2026-08-10 04:45:32,163 - INFO - Download concluído: /home/runner/work/josieljluz.github.io.oficial/josieljluz.github.io.oficial/pornstars.m3u (100426 bytes)
2026-08-10 04:45:32,163 - INFO - Hash MD5 do arquivo: ed9b31dbe857f86e7df7a0a4e4ecd448
2026-08-10 04:45:32,164 - INFO - Tentativa 1 de 3: Baixando de: http://m3u4u.com/epg/782dyqdrqkh1xegen4zp
2026-08-10 04:45:32,410 - INFO - Download concluído: /home/runner/work/josieljluz.github.io.oficial/josieljluz.github.io.oficial/epgbrasil.m3u (575422 bytes)
2026-08-10 04:45:32,411 - INFO - Hash MD5 do arquivo: f49e7db34748ac8a9807f453fc66c3cc
2026-08-10 04:45:32,411 - INFO - Tentativa 1 de 3: Baixando de: http://m3u4u.com/epg/jq2zy9epr3bwxmgwyxr5
2026-08-10 04:45:32,513 - ERROR - Falha ao baixar http://m3u4u.com/epg/782dyqdrqkh1xegen4zp. Código: 404
2026-08-10 04:45:32,513 - ERROR - Erro na tentativa 1 de 3: Falha ao baixar http://m3u4u.com/epg/782dyqdrqkh1xegen4zp. Código: 404
2026-08-10 04:45:32,513 - INFO - Aguardando 2 segundos antes de tentar novamente...
2026-08-10 04:45:32,726 - INFO - Download concluído: /home/runner/work/josieljluz.github.io.oficial/josieljluz.github.io.oficial/epgportugal.m3u (1972439 bytes)
2026-08-10 04:45:32,729 - INFO - Hash MD5 do arquivo: ea060b34a8722eeeaea5983a2f10b1d8
2026-08-10 04:45:33,338 - INFO - Download concluído: /home/runner/work/josieljluz.github.io.oficial/josieljluz.github.io.oficial/epgbrasil.xml.gz (60031 bytes)
2026-08-10 04:45:33,338 - INFO - Hash MD5 do arquivo: 7e2e7952f1c4ed27d376d6b4abddbea3
2026-08-10 04:45:33,485 - INFO - Tentativa 2 de 3: Baixando de: http://m3u4u.com/m3u/782dyqdrqkh1xegen4zp
2026-08-10 04:45:33,671 - ERROR - Falha ao baixar http://m3u4u.com/m3u/782dyqdrqkh1xegen4zp. Código: 404
2026-08-10 04:45:33,671 - ERROR - Erro na tentativa 2 de 3: Falha ao baixar http://m3u4u.com/m3u/782dyqdrqkh1xegen4zp. Código: 404
2026-08-10 04:45:33,671 - INFO - Aguardando 4 segundos antes de tentar novamente...
2026-08-10 04:45:33,828 - INFO - Download concluído: /home/runner/work/josieljluz.github.io.oficial/josieljluz.github.io.oficial/epgportugal.xml.gz (449467 bytes)
2026-08-10 04:45:33,828 - INFO - Hash MD5 do arquivo: 87f7b9bdbd7e1917b404b026681a5509
2026-08-10 04:45:34,515 - INFO - Tentativa 2 de 3: Baixando de: http://m3u4u.com/epg/782dyqdrqkh1xegen4zp
2026-08-10 04:45:34,887 - ERROR - Falha ao baixar http://m3u4u.com/epg/782dyqdrqkh1xegen4zp. Código: 404
2026-08-10 04:45:34,888 - ERROR - Erro na tentativa 2 de 3: Falha ao baixar http://m3u4u.com/epg/782dyqdrqkh1xegen4zp. Código: 404
2026-08-10 04:45:34,888 - INFO - Aguardando 4 segundos antes de tentar novamente...
2026-08-10 04:45:37,675 - INFO - Tentativa 3 de 3: Baixando de: http://m3u4u.com/m3u/782dyqdrqkh1xegen4zp
2026-08-10 04:45:37,884 - ERROR - Falha ao baixar http://m3u4u.com/m3u/782dyqdrqkh1xegen4zp. Código: 404
2026-08-10 04:45:37,884 - ERROR - Erro na tentativa 3 de 3: Falha ao baixar http://m3u4u.com/m3u/782dyqdrqkh1xegen4zp. Código: 404
2026-08-10 04:45:37,884 - ERROR - Falha após 3 tentativas: http://m3u4u.com/m3u/782dyqdrqkh1xegen4zp
2026-08-10 04:45:38,892 - INFO - Tentativa 3 de 3: Baixando de: http://m3u4u.com/epg/782dyqdrqkh1xegen4zp
2026-08-10 04:45:39,136 - ERROR - Falha ao baixar http://m3u4u.com/epg/782dyqdrqkh1xegen4zp. Código: 404
2026-08-10 04:45:39,137 - ERROR - Erro na tentativa 3 de 3: Falha ao baixar http://m3u4u.com/epg/782dyqdrqkh1xegen4zp. Código: 404
2026-08-10 04:45:39,137 - ERROR - Falha após 3 tentativas: http://m3u4u.com/epg/782dyqdrqkh1xegen4zp
2026-08-10 04:45:39,137 - INFO - Downloads concluídos. Sucessos: 9, Falhas: 2
2026-08-10 04:45:39,137 - WARNING - Atenção: 2 arquivos falharam no download
2026-08-11 04:26:04,189 - INFO - Limpando arquivos antigos em /home/runner/work/josieljluz.github.io.oficial/josieljluz.github.io.oficial...
2026-08-11 04:26:04,189 - INFO - Arquivo removido: epgportugal.xml.gz
2026-08-11 04:26:04,189 - INFO - Arquivo removido: epgbrasil.xml.gz
2026-08-11 04:26:04,190 - INFO - Arquivo removido: epgportugal.m3u
2026-08-11 04:26:04,190 - INFO - Arquivo removido: epgbrasil.m3u
2026-08-11 04:26:04,190 - INFO - Arquivo removido: pornstars.m3u
2026-08-11 04:26:04,190 - INFO - Arquivo removido: m3u@proton.me.m3u
2026-08-11 04:26:04,190 - INFO - Arquivo removido: PiauiTV.m3u
2026-08-11 04:26:04,190 - INFO - Arquivo removido: playlist.m3u
2026-08-11 04:26:04,190 - INFO - Arquivo removido: playlists.m3u
2026-08-11 04:26:04,190 - INFO - Iniciando downloads...
2026-08-11 04:26:04,191 - INFO - Tentativa 1 de 3: Baixando de: http://m3u4u.com/m3u/3wk1y24kx7uzdevxygz7
2026-08-11 04:26:04,191 - INFO - Tentativa 1 de 3: Baixando de: http://m3u4u.com/m3u/782dyqdrqkh1xegen4zp
2026-08-11 04:26:04,191 - INFO - Tentativa 1 de 3: Baixando de: http://m3u4u.com/m3u/jq2zy9epr3bwxmgwyxr5
2026-08-11 04:26:04,192 - INFO - Tentativa 1 de 3: Baixando de: https://gitlab.com/josieljefferson12/playlists/-/raw/main/PiauiTV.m3u
2026-08-11 04:26:04,194 - INFO - Tentativa 1 de 3: Baixando de: https://gitlab.com/josieljefferson12/playlists/-/raw/main/m3u4u_proton.me.m3u
2026-08-11 04:26:04,610 - ERROR - Falha ao baixar http://m3u4u.com/m3u/782dyqdrqkh1xegen4zp. Código: 404
2026-08-11 04:26:04,610 - ERROR - Erro na tentativa 1 de 3: Falha ao baixar http://m3u4u.com/m3u/782dyqdrqkh1xegen4zp. Código: 404
2026-08-11 04:26:04,610 - INFO - Aguardando 2 segundos antes de tentar novamente...
2026-08-11 04:26:04,638 - INFO - Download concluído: /home/runner/work/josieljluz.github.io.oficial/josieljluz.github.io.oficial/PiauiTV.m3u (76851 bytes)
2026-08-11 04:26:04,639 - INFO - Hash MD5 do arquivo: ed19d1bee8112f753504aab432876025
2026-08-11 04:26:04,639 - INFO - Tentativa 1 de 3: Baixando de: https://gitlab.com/josieljefferson12/playlists/-/raw/main/playlist.m3u
2026-08-11 04:26:04,654 - INFO - Download concluído: /home/runner/work/josieljluz.github.io.oficial/josieljluz.github.io.oficial/m3u@proton.me.m3u (4700379 bytes)
2026-08-11 04:26:04,662 - INFO - Hash MD5 do arquivo: 17e34181bba3a93ed726df4bc76b9a9c
2026-08-11 04:26:04,662 - INFO - Tentativa 1 de 3: Baixando de: https://gitlab.com/josielluz/playlists/-/raw/main/playlists.m3u
2026-08-11 04:26:04,874 - INFO - Download concluído: /home/runner/work/josieljluz.github.io.oficial/josieljluz.github.io.oficial/playlists.m3u (107555 bytes)
2026-08-11 04:26:04,874 - INFO - Hash MD5 do arquivo: 3114d823758c4d5391acd0714d83bb8c
2026-08-11 04:26:04,874 - INFO - Tentativa 1 de 3: Baixando de: https://gitlab.com/josieljefferson12/playlists/-/raw/main/pornstars.m3u
2026-08-11 04:26:05,018 - INFO - Download concluído: /home/runner/work/josieljluz.github.io.oficial/josieljluz.github.io.oficial/playlist.m3u (8080 bytes)
2026-08-11 04:26:05,019 - INFO - Hash MD5 do arquivo: 5e4f576e8ce1ee516c916d59ed08a851
2026-08-11 04:26:05,019 - INFO - Tentativa 1 de 3: Baixando de: http://m3u4u.com/epg/3wk1y24kx7uzdevxygz7
2026-08-11 04:26:05,241 - INFO - Download concluído: /home/runner/work/josieljluz.github.io.oficial/josieljluz.github.io.oficial/pornstars.m3u (100426 bytes)
2026-08-11 04:26:05,241 - INFO - Hash MD5 do arquivo: ed9b31dbe857f86e7df7a0a4e4ecd448
2026-08-11 04:26:05,242 - INFO - Tentativa 1 de 3: Baixando de: http://m3u4u.com/epg/782dyqdrqkh1xegen4zp
2026-08-11 04:26:05,414 - INFO - Download concluído: /home/runner/work/josieljluz.github.io.oficial/josieljluz.github.io.oficial/epgbrasil.m3u (575422 bytes)
2026-08-11 04:26:05,415 - INFO - Hash MD5 do arquivo: f49e7db34748ac8a9807f453fc66c3cc
2026-08-11 04:26:05,415 - INFO - Tentativa 1 de 3: Baixando de: http://m3u4u.com/epg/jq2zy9epr3bwxmgwyxr5
2026-08-11 04:26:05,596 - ERROR - Falha ao baixar http://m3u4u.com/epg/782dyqdrqkh1xegen4zp. Código: 404
2026-08-11 04:26:05,596 - ERROR - Erro na tentativa 1 de 3: Falha ao baixar http://m3u4u.com/epg/782dyqdrqkh1xegen4zp. Código: 404
2026-08-11 04:26:05,596 - INFO - Aguardando 2 segundos antes de tentar novamente...
2026-08-11 04:26:05,795 - INFO - Download concluído: /home/runner/work/josieljluz.github.io.oficial/josieljluz.github.io.oficial/epgportugal.m3u (1972439 bytes)
2026-08-11 04:26:05,798 - INFO - Hash MD5 do arquivo: ea060b34a8722eeeaea5983a2f10b1d8
2026-08-11 04:26:06,240 - INFO - Download concluído: /home/runner/work/josieljluz.github.io.oficial/josieljluz.github.io.oficial/epgbrasil.xml.gz (60031 bytes)
2026-08-11 04:26:06,240 - INFO - Hash MD5 do arquivo: 7e2e7952f1c4ed27d376d6b4abddbea3
2026-08-11 04:26:06,560 - INFO - Download concluído: /home/runner/work/josieljluz.github.io.oficial/josieljluz.github.io.oficial/epgportugal.xml.gz (449467 bytes)
2026-08-11 04:26:06,560 - INFO - Hash MD5 do arquivo: 87f7b9bdbd7e1917b404b026681a5509
2026-08-11 04:26:06,612 - INFO - Tentativa 2 de 3: Baixando de: http://m3u4u.com/m3u/782dyqdrqkh1xegen4zp
2026-08-11 04:26:06,786 - ERROR - Falha ao baixar http://m3u4u.com/m3u/782dyqdrqkh1xegen4zp. Código: 404
2026-08-11 04:26:06,786 - ERROR - Erro na tentativa 2 de 3: Falha ao baixar http://m3u4u.com/m3u/782dyqdrqkh1xegen4zp. Código: 404
2026-08-11 04:26:06,786 - INFO - Aguardando 4 segundos antes de tentar novamente...
2026-08-11 04:26:07,598 - INFO - Tentativa 2 de 3: Baixando de: http://m3u4u.com/epg/782dyqdrqkh1xegen4zp
2026-08-11 04:26:07,791 - ERROR - Falha ao baixar http://m3u4u.com/epg/782dyqdrqkh1xegen4zp. Código: 404
2026-08-11 04:26:07,791 - ERROR - Erro na tentativa 2 de 3: Falha ao baixar http://m3u4u.com/epg/782dyqdrqkh1xegen4zp. Código: 404
2026-08-11 04:26:07,791 - INFO - Aguardando 4 segundos antes de tentar novamente...
2026-08-11 04:26:10,790 - INFO - Tentativa 3 de 3: Baixando de: http://m3u4u.com/m3u/782dyqdrqkh1xegen4zp
2026-08-11 04:26:10,987 - ERROR - Falha ao baixar http://m3u4u.com/m3u/782dyqdrqkh1xegen4zp. Código: 404
2026-08-11 04:26:10,987 - ERROR - Erro na tentativa 3 de 3: Falha ao baixar http://m3u4u.com/m3u/782dyqdrqkh1xegen4zp. Código: 404
2026-08-11 04:26:10,987 - ERROR - Falha após 3 tentativas: http://m3u4u.com/m3u/782dyqdrqkh1xegen4zp
2026-08-11 04:26:11,795 - INFO - Tentativa 3 de 3: Baixando de: http://m3u4u.com/epg/782dyqdrqkh1xegen4zp
2026-08-11 04:26:12,421 - ERROR - Falha ao baixar http://m3u4u.com/epg/782dyqdrqkh1xegen4zp. Código: 404
2026-08-11 04:26:12,421 - ERROR - Erro na tentativa 3 de 3: Falha ao baixar http://m3u4u.com/epg/782dyqdrqkh1xegen4zp. Código: 404
2026-08-11 04:26:12,421 - ERROR - Falha após 3 tentativas: http://m3u4u.com/epg/782dyqdrqkh1xegen4zp
2026-08-11 04:26:12,422 - INFO - Downloads concluídos. Sucessos: 9, Falhas: 2
2026-08-11 04:26:12,422 - WARNING - Atenção: 2 arquivos falharam no download
